exit=0
{"ts":"<TS>","ts_epoch":<EPOCH>,"type":"telemetry.command.started","tool":"bd","event":"bd.command","pane":"<PANE>","session":"<SESSION>","bead":"","cwd":"<TMP>","argv":"--version"}
{"ts":"<TS>","ts_epoch":<EPOCH>,"type":"bd.command","tool":"bd","exit":"0","pane":"<PANE>","session":"<SESSION>","bead":"","cwd":"<TMP>","argv":"--version"}
