exit=0
{"ts":"<TS>","ts_epoch":<EPOCH>,"type":"telemetry.command.started","tool":"gh","event":"gh.command","pane":"<PANE>","session":"<SESSION>","bead":"","cwd":"<TMP>","repo":"<TMP>","branch":"main","head":"<SHA>","argv":"--version"}
{"ts":"<TS>","ts_epoch":<EPOCH>,"type":"gh.command","tool":"gh","exit":"0","pane":"<PANE>","session":"<SESSION>","bead":"","cwd":"<TMP>","repo":"<TMP>","branch":"main","head":"<SHA>","argv":"--version"}
